{
    "-profile test": {
        "content": [
            {
                "BAM_KEEP_READNAMES": {
                    "samtools": 1.24
                },
                "BBMAP_BBSPLIT": {
                    "bbmap": 39.18
                },
                "FASTP": {
                    "fastp": "1.3.6"
                },
                "FASTQC": {
                    "fastqc": "0.12.1"
                },
                "FASTQC_TRIMMED": {
                    "fastqc": "0.12.1"
                },
                "GFFREAD": {
                    "gffread": "0.12.7"
                },
                "GUNZIP_FASTA": {
                    "gunzip": 1.13
                },
                "GUNZIP_GTF": {
                    "gunzip": 1.13
                },
                "KRAKEN2_KRAKEN2": {
                    "kraken2": "2.1.6",
                    "pigz": 2.8
                },
                "SALMON_QUANT": {
                    "salmon": "1.10.3"
                },
                "SAMTOOLS_INDEX_DEDUP": {
                    "samtools": 1.24
                },
                "SAMTOOLS_INDEX_STAR": {
                    "samtools": 1.24
                },
                "SORTMERNA": {
                    "sortmerna": "4.3.7"
                },
                "STAR_ALIGN_WASP": {
                    "gawk": "5.1.0",
                    "samtools": 1.21,
                    "star": "2.7.11b"
                },
                "STAR_GENOMEGENERATE": {
                    "gawk": "5.1.0",
                    "samtools": 1.21,
                    "star": "2.7.11b"
                },
                "UMITOOLS_DEDUP": {
                    "umitools": "1.1.6"
                },
                "UMITOOLS_EXTRACT": {
                    "umitools": "1.1.6"
                },
                "Workflow": {
                    "SeasonedRiceFarmer/rna-tools": "v1.0.0dev"
                }
            },
            [
                "bbmap",
                "bbmap/WHOLE_BLOOD_TEST.log",
                "bbmap/WHOLE_BLOOD_TEST.stats.txt",
                "bbmap/WHOLE_BLOOD_TEST_ecoli_k12_1.fastq.gz",
                "bbmap/WHOLE_BLOOD_TEST_ecoli_k12_2.fastq.gz",
                "bbmap/WHOLE_BLOOD_TEST_primary_1.fastq.gz",
                "bbmap/WHOLE_BLOOD_TEST_primary_2.fastq.gz",
                "fastp",
                "fastp/WHOLE_BLOOD_TEST.fastp.html",
                "fastp/WHOLE_BLOOD_TEST.fastp.json",
                "fastp/WHOLE_BLOOD_TEST.fastp.log",
                "fastp/WHOLE_BLOOD_TEST_R1.fastp.fastq.gz",
                "fastp/WHOLE_BLOOD_TEST_R2.fastp.fastq.gz",
                "fastqc",
                "fastqc/WHOLE_BLOOD_TEST_1_fastqc.html",
                "fastqc/WHOLE_BLOOD_TEST_1_fastqc.zip",
                "fastqc/WHOLE_BLOOD_TEST_2_fastqc.html",
                "fastqc/WHOLE_BLOOD_TEST_2_fastqc.zip",
                "fastqc/WHOLE_BLOOD_TEST_trimmed_1_fastqc.html",
                "fastqc/WHOLE_BLOOD_TEST_trimmed_1_fastqc.zip",
                "fastqc/WHOLE_BLOOD_TEST_trimmed_2_fastqc.html",
                "fastqc/WHOLE_BLOOD_TEST_trimmed_2_fastqc.zip",
                "kraken2",
                "kraken2/WHOLE_BLOOD_TEST.kraken2.report.txt",
                "multiqc",
                "multiqc/multiqc_data",
                "multiqc/multiqc_data/bbmap-bbsplit_plot.txt",
                "multiqc/multiqc_data/bbmap.txt",
                "multiqc/multiqc_data/bbsplit_stats_table.txt",
                "multiqc/multiqc_data/fastp-insert-size-plot.txt",
                "multiqc/multiqc_data/fastp-seq-content-gc-plot_Read_1_After_filtering.txt",
                "multiqc/multiqc_data/fastp-seq-content-gc-plot_Read_1_Before_filtering.txt",
                "multiqc/multiqc_data/fastp-seq-content-gc-plot_Read_2_After_filtering.txt",
                "multiqc/multiqc_data/fastp-seq-content-gc-plot_Read_2_Before_filtering.txt",
                "multiqc/multiqc_data/fastp-seq-content-n-plot_Read_1_After_filtering.txt",
                "multiqc/multiqc_data/fastp-seq-content-n-plot_Read_1_Before_filtering.txt",
                "multiqc/multiqc_data/fastp-seq-content-n-plot_Read_2_After_filtering.txt",
                "multiqc/multiqc_data/fastp-seq-content-n-plot_Read_2_Before_filtering.txt",
                "multiqc/multiqc_data/fastp-seq-quality-plot_Read_1_After_filtering.txt",
                "multiqc/multiqc_data/fastp-seq-quality-plot_Read_1_Before_filtering.txt",
                "multiqc/multiqc_data/fastp-seq-quality-plot_Read_2_After_filtering.txt",
                "multiqc/multiqc_data/fastp-seq-quality-plot_Read_2_Before_filtering.txt",
                "multiqc/multiqc_data/fastp_filtered_reads_plot.txt",
                "multiqc/multiqc_data/fastqc-1-status-check-heatmap.txt",
                "multiqc/multiqc_data/fastqc-1_adapter_content_plot.txt",
                "multiqc/multiqc_data/fastqc-1_per_base_n_content_plot.txt",
                "multiqc/multiqc_data/fastqc-1_per_base_sequence_quality_plot.txt",
                "multiqc/multiqc_data/fastqc-1_per_sequence_gc_content_plot_Counts.txt",
                "multiqc/multiqc_data/fastqc-1_per_sequence_gc_content_plot_Percentages.txt",
                "multiqc/multiqc_data/fastqc-1_per_sequence_quality_scores_plot.txt",
                "multiqc/multiqc_data/fastqc-1_sequence_counts_plot.txt",
                "multiqc/multiqc_data/fastqc-1_sequence_duplication_levels_plot.txt",
                "multiqc/multiqc_data/fastqc-status-check-heatmap.txt",
                "multiqc/multiqc_data/fastqc_adapter_content_plot.txt",
                "multiqc/multiqc_data/fastqc_per_base_n_content_plot.txt",
                "multiqc/multiqc_data/fastqc_per_base_sequence_quality_plot.txt",
                "multiqc/multiqc_data/fastqc_per_sequence_gc_content_plot_Counts.txt",
                "multiqc/multiqc_data/fastqc_per_sequence_gc_content_plot_Percentages.txt",
                "multiqc/multiqc_data/fastqc_per_sequence_quality_scores_plot.txt",
                "multiqc/multiqc_data/fastqc_sequence_counts_plot.txt",
                "multiqc/multiqc_data/fastqc_sequence_duplication_levels_plot.txt",
                "multiqc/multiqc_data/fastqc_sequence_length_distribution_plot.txt",
                "multiqc/multiqc_data/kraken-top-n-plot_Class.txt",
                "multiqc/multiqc_data/kraken-top-n-plot_Family.txt",
                "multiqc/multiqc_data/kraken-top-n-plot_Genus.txt",
                "multiqc/multiqc_data/kraken-top-n-plot_Kingdom.txt",
                "multiqc/multiqc_data/kraken-top-n-plot_Order.txt",
                "multiqc/multiqc_data/kraken-top-n-plot_Phylum.txt",
                "multiqc/multiqc_data/kraken-top-n-plot_Species.txt",
                "multiqc/multiqc_data/kraken-top-n-plot_Unclassified.txt",
                "multiqc/multiqc_data/llms-full.txt",
                "multiqc/multiqc_data/multiqc.log",
                "multiqc/multiqc_data/multiqc.parquet",
                "multiqc/multiqc_data/multiqc_citations.txt",
                "multiqc/multiqc_data/multiqc_data.json",
                "multiqc/multiqc_data/multiqc_fastp.txt",
                "multiqc/multiqc_data/multiqc_fastqc.txt",
                "multiqc/multiqc_data/multiqc_fastqc_fastqc-1.txt",
                "multiqc/multiqc_data/multiqc_general_stats.txt",
                "multiqc/multiqc_data/multiqc_kraken.txt",
                "multiqc/multiqc_data/multiqc_salmon.txt",
                "multiqc/multiqc_data/multiqc_software_versions.txt",
                "multiqc/multiqc_data/multiqc_sortmerna.txt",
                "multiqc/multiqc_data/multiqc_sources.txt",
                "multiqc/multiqc_data/multiqc_star.txt",
                "multiqc/multiqc_data/multiqc_umitools_dedup.txt",
                "multiqc/multiqc_data/multiqc_umitools_extract.txt",
                "multiqc/multiqc_data/salmon_plot.txt",
                "multiqc/multiqc_data/star_alignment_plot.txt",
                "multiqc/multiqc_data/star_summary_table.txt",
                "multiqc/multiqc_data/umitools_deduplication_barplot.txt",
                "multiqc/multiqc_data/umitools_extract_barplot_success.txt",
                "multiqc/multiqc_data/umitools_stats_violin.txt",
                "multiqc/multiqc_plots",
                "multiqc/multiqc_plots/pdf",
                "multiqc/multiqc_plots/pdf/bbmap-bbsplit_plot-cnt.pdf",
                "multiqc/multiqc_plots/pdf/bbmap-bbsplit_plot-pct.pdf",
                "multiqc/multiqc_plots/pdf/bbsplit_stats_table.pdf",
                "multiqc/multiqc_plots/pdf/fastp-insert-size-plot.pdf",
                "multiqc/multiqc_plots/pdf/fastp-seq-content-gc-plot_Read_1_After_filtering.pdf",
                "multiqc/multiqc_plots/pdf/fastp-seq-content-gc-plot_Read_1_Before_filtering.pdf",
                "multiqc/multiqc_plots/pdf/fastp-seq-content-gc-plot_Read_2_After_filtering.pdf",
                "multiqc/multiqc_plots/pdf/fastp-seq-content-gc-plot_Read_2_Before_filtering.pdf",
                "multiqc/multiqc_plots/pdf/fastp-seq-content-n-plot_Read_1_After_filtering.pdf",
                "multiqc/multiqc_plots/pdf/fastp-seq-content-n-plot_Read_1_Before_filtering.pdf",
                "multiqc/multiqc_plots/pdf/fastp-seq-content-n-plot_Read_2_After_filtering.pdf",
                "multiqc/multiqc_plots/pdf/fastp-seq-content-n-plot_Read_2_Before_filtering.pdf",
                "multiqc/multiqc_plots/pdf/fastp-seq-quality-plot_Read_1_After_filtering.pdf",
                "multiqc/multiqc_plots/pdf/fastp-seq-quality-plot_Read_1_Before_filtering.pdf",
                "multiqc/multiqc_plots/pdf/fastp-seq-quality-plot_Read_2_After_filtering.pdf",
                "multiqc/multiqc_plots/pdf/fastp-seq-quality-plot_Read_2_Before_filtering.pdf",
                "multiqc/multiqc_plots/pdf/fastp_filtered_reads_plot-cnt.pdf",
                "multiqc/multiqc_plots/pdf/fastp_filtered_reads_plot-pct.pdf",
                "multiqc/multiqc_plots/pdf/fastqc-1-status-check-heatmap.pdf",
                "multiqc/multiqc_plots/pdf/fastqc-1_adapter_content_plot.pdf",
                "multiqc/multiqc_plots/pdf/fastqc-1_per_base_n_content_plot.pdf",
                "multiqc/multiqc_plots/pdf/fastqc-1_per_base_sequence_quality_plot.pdf",
                "multiqc/multiqc_plots/pdf/fastqc-1_per_sequence_gc_content_plot_Counts.pdf",
                "multiqc/multiqc_plots/pdf/fastqc-1_per_sequence_gc_content_plot_Percentages.pdf",
                "multiqc/multiqc_plots/pdf/fastqc-1_per_sequence_quality_scores_plot.pdf",
                "multiqc/multiqc_plots/pdf/fastqc-1_sequence_counts_plot-cnt.pdf",
                "multiqc/multiqc_plots/pdf/fastqc-1_sequence_counts_plot-pct.pdf",
                "multiqc/multiqc_plots/pdf/fastqc-1_sequence_duplication_levels_plot.pdf",
                "multiqc/multiqc_plots/pdf/fastqc-status-check-heatmap.pdf",
                "multiqc/multiqc_plots/pdf/fastqc_adapter_content_plot.pdf",
                "multiqc/multiqc_plots/pdf/fastqc_per_base_n_content_plot.pdf",
                "multiqc/multiqc_plots/pdf/fastqc_per_base_sequence_quality_plot.pdf",
                "multiqc/multiqc_plots/pdf/fastqc_per_sequence_gc_content_plot_Counts.pdf",
                "multiqc/multiqc_plots/pdf/fastqc_per_sequence_gc_content_plot_Percentages.pdf",
                "multiqc/multiqc_plots/pdf/fastqc_per_sequence_quality_scores_plot.pdf",
                "multiqc/multiqc_plots/pdf/fastqc_sequence_counts_plot-cnt.pdf",
                "multiqc/multiqc_plots/pdf/fastqc_sequence_counts_plot-pct.pdf",
                "multiqc/multiqc_plots/pdf/fastqc_sequence_duplication_levels_plot.pdf",
                "multiqc/multiqc_plots/pdf/fastqc_sequence_length_distribution_plot.pdf",
                "multiqc/multiqc_plots/pdf/kraken-top-n-plot_Class-cnt.pdf",
                "multiqc/multiqc_plots/pdf/kraken-top-n-plot_Class-pct.pdf",
                "multiqc/multiqc_plots/pdf/kraken-top-n-plot_Family-cnt.pdf",
                "multiqc/multiqc_plots/pdf/kraken-top-n-plot_Family-pct.pdf",
                "multiqc/multiqc_plots/pdf/kraken-top-n-plot_Genus-cnt.pdf",
                "multiqc/multiqc_plots/pdf/kraken-top-n-plot_Genus-pct.pdf",
                "multiqc/multiqc_plots/pdf/kraken-top-n-plot_Kingdom-cnt.pdf",
                "multiqc/multiqc_plots/pdf/kraken-top-n-plot_Kingdom-pct.pdf",
                "multiqc/multiqc_plots/pdf/kraken-top-n-plot_Order-cnt.pdf",
                "multiqc/multiqc_plots/pdf/kraken-top-n-plot_Order-pct.pdf",
                "multiqc/multiqc_plots/pdf/kraken-top-n-plot_Phylum-cnt.pdf",
                "multiqc/multiqc_plots/pdf/kraken-top-n-plot_Phylum-pct.pdf",
                "multiqc/multiqc_plots/pdf/kraken-top-n-plot_Species-cnt.pdf",
                "multiqc/multiqc_plots/pdf/kraken-top-n-plot_Species-pct.pdf",
                "multiqc/multiqc_plots/pdf/kraken-top-n-plot_Unclassified-cnt.pdf",
                "multiqc/multiqc_plots/pdf/kraken-top-n-plot_Unclassified-pct.pdf",
                "multiqc/multiqc_plots/pdf/salmon_plot.pdf",
                "multiqc/multiqc_plots/pdf/star_alignment_plot-cnt.pdf",
                "multiqc/multiqc_plots/pdf/star_alignment_plot-pct.pdf",
                "multiqc/multiqc_plots/pdf/star_summary_table.pdf",
                "multiqc/multiqc_plots/pdf/umitools_deduplication_barplot-cnt.pdf",
                "multiqc/multiqc_plots/pdf/umitools_deduplication_barplot-pct.pdf",
                "multiqc/multiqc_plots/pdf/umitools_extract_barplot_success-cnt.pdf",
                "multiqc/multiqc_plots/pdf/umitools_extract_barplot_success-pct.pdf",
                "multiqc/multiqc_plots/pdf/umitools_stats_violin.pdf",
                "multiqc/multiqc_plots/png",
                "multiqc/multiqc_plots/png/bbmap-bbsplit_plot-cnt.png",
                "multiqc/multiqc_plots/png/bbmap-bbsplit_plot-pct.png",
                "multiqc/multiqc_plots/png/bbsplit_stats_table.png",
                "multiqc/multiqc_plots/png/fastp-insert-size-plot.png",
                "multiqc/multiqc_plots/png/fastp-seq-content-gc-plot_Read_1_After_filtering.png",
                "multiqc/multiqc_plots/png/fastp-seq-content-gc-plot_Read_1_Before_filtering.png",
                "multiqc/multiqc_plots/png/fastp-seq-content-gc-plot_Read_2_After_filtering.png",
                "multiqc/multiqc_plots/png/fastp-seq-content-gc-plot_Read_2_Before_filtering.png",
                "multiqc/multiqc_plots/png/fastp-seq-content-n-plot_Read_1_After_filtering.png",
                "multiqc/multiqc_plots/png/fastp-seq-content-n-plot_Read_1_Before_filtering.png",
                "multiqc/multiqc_plots/png/fastp-seq-content-n-plot_Read_2_After_filtering.png",
                "multiqc/multiqc_plots/png/fastp-seq-content-n-plot_Read_2_Before_filtering.png",
                "multiqc/multiqc_plots/png/fastp-seq-quality-plot_Read_1_After_filtering.png",
                "multiqc/multiqc_plots/png/fastp-seq-quality-plot_Read_1_Before_filtering.png",
                "multiqc/multiqc_plots/png/fastp-seq-quality-plot_Read_2_After_filtering.png",
                "multiqc/multiqc_plots/png/fastp-seq-quality-plot_Read_2_Before_filtering.png",
                "multiqc/multiqc_plots/png/fastp_filtered_reads_plot-cnt.png",
                "multiqc/multiqc_plots/png/fastp_filtered_reads_plot-pct.png",
                "multiqc/multiqc_plots/png/fastqc-1-status-check-heatmap.png",
                "multiqc/multiqc_plots/png/fastqc-1_adapter_content_plot.png",
                "multiqc/multiqc_plots/png/fastqc-1_per_base_n_content_plot.png",
                "multiqc/multiqc_plots/png/fastqc-1_per_base_sequence_quality_plot.png",
                "multiqc/multiqc_plots/png/fastqc-1_per_sequence_gc_content_plot_Counts.png",
                "multiqc/multiqc_plots/png/fastqc-1_per_sequence_gc_content_plot_Percentages.png",
                "multiqc/multiqc_plots/png/fastqc-1_per_sequence_quality_scores_plot.png",
                "multiqc/multiqc_plots/png/fastqc-1_sequence_counts_plot-cnt.png",
                "multiqc/multiqc_plots/png/fastqc-1_sequence_counts_plot-pct.png",
                "multiqc/multiqc_plots/png/fastqc-1_sequence_duplication_levels_plot.png",
                "multiqc/multiqc_plots/png/fastqc-status-check-heatmap.png",
                "multiqc/multiqc_plots/png/fastqc_adapter_content_plot.png",
                "multiqc/multiqc_plots/png/fastqc_per_base_n_content_plot.png",
                "multiqc/multiqc_plots/png/fastqc_per_base_sequence_quality_plot.png",
                "multiqc/multiqc_plots/png/fastqc_per_sequence_gc_content_plot_Counts.png",
                "multiqc/multiqc_plots/png/fastqc_per_sequence_gc_content_plot_Percentages.png",
                "multiqc/multiqc_plots/png/fastqc_per_sequence_quality_scores_plot.png",
                "multiqc/multiqc_plots/png/fastqc_sequence_counts_plot-cnt.png",
                "multiqc/multiqc_plots/png/fastqc_sequence_counts_plot-pct.png",
                "multiqc/multiqc_plots/png/fastqc_sequence_duplication_levels_plot.png",
                "multiqc/multiqc_plots/png/fastqc_sequence_length_distribution_plot.png",
                "multiqc/multiqc_plots/png/kraken-top-n-plot_Class-cnt.png",
                "multiqc/multiqc_plots/png/kraken-top-n-plot_Class-pct.png",
                "multiqc/multiqc_plots/png/kraken-top-n-plot_Family-cnt.png",
                "multiqc/multiqc_plots/png/kraken-top-n-plot_Family-pct.png",
                "multiqc/multiqc_plots/png/kraken-top-n-plot_Genus-cnt.png",
                "multiqc/multiqc_plots/png/kraken-top-n-plot_Genus-pct.png",
                "multiqc/multiqc_plots/png/kraken-top-n-plot_Kingdom-cnt.png",
                "multiqc/multiqc_plots/png/kraken-top-n-plot_Kingdom-pct.png",
                "multiqc/multiqc_plots/png/kraken-top-n-plot_Order-cnt.png",
                "multiqc/multiqc_plots/png/kraken-top-n-plot_Order-pct.png",
                "multiqc/multiqc_plots/png/kraken-top-n-plot_Phylum-cnt.png",
                "multiqc/multiqc_plots/png/kraken-top-n-plot_Phylum-pct.png",
                "multiqc/multiqc_plots/png/kraken-top-n-plot_Species-cnt.png",
                "multiqc/multiqc_plots/png/kraken-top-n-plot_Species-pct.png",
                "multiqc/multiqc_plots/png/kraken-top-n-plot_Unclassified-cnt.png",
                "multiqc/multiqc_plots/png/kraken-top-n-plot_Unclassified-pct.png",
                "multiqc/multiqc_plots/png/salmon_plot.png",
                "multiqc/multiqc_plots/png/star_alignment_plot-cnt.png",
                "multiqc/multiqc_plots/png/star_alignment_plot-pct.png",
                "multiqc/multiqc_plots/png/star_summary_table.png",
                "multiqc/multiqc_plots/png/umitools_deduplication_barplot-cnt.png",
                "multiqc/multiqc_plots/png/umitools_deduplication_barplot-pct.png",
                "multiqc/multiqc_plots/png/umitools_extract_barplot_success-cnt.png",
                "multiqc/multiqc_plots/png/umitools_extract_barplot_success-pct.png",
                "multiqc/multiqc_plots/png/umitools_stats_violin.png",
                "multiqc/multiqc_plots/svg",
                "multiqc/multiqc_plots/svg/bbmap-bbsplit_plot-cnt.svg",
                "multiqc/multiqc_plots/svg/bbmap-bbsplit_plot-pct.svg",
                "multiqc/multiqc_plots/svg/bbsplit_stats_table.svg",
                "multiqc/multiqc_plots/svg/fastp-insert-size-plot.svg",
                "multiqc/multiqc_plots/svg/fastp-seq-content-gc-plot_Read_1_After_filtering.svg",
                "multiqc/multiqc_plots/svg/fastp-seq-content-gc-plot_Read_1_Before_filtering.svg",
                "multiqc/multiqc_plots/svg/fastp-seq-content-gc-plot_Read_2_After_filtering.svg",
                "multiqc/multiqc_plots/svg/fastp-seq-content-gc-plot_Read_2_Before_filtering.svg",
                "multiqc/multiqc_plots/svg/fastp-seq-content-n-plot_Read_1_After_filtering.svg",
                "multiqc/multiqc_plots/svg/fastp-seq-content-n-plot_Read_1_Before_filtering.svg",
                "multiqc/multiqc_plots/svg/fastp-seq-content-n-plot_Read_2_After_filtering.svg",
                "multiqc/multiqc_plots/svg/fastp-seq-content-n-plot_Read_2_Before_filtering.svg",
                "multiqc/multiqc_plots/svg/fastp-seq-quality-plot_Read_1_After_filtering.svg",
                "multiqc/multiqc_plots/svg/fastp-seq-quality-plot_Read_1_Before_filtering.svg",
                "multiqc/multiqc_plots/svg/fastp-seq-quality-plot_Read_2_After_filtering.svg",
                "multiqc/multiqc_plots/svg/fastp-seq-quality-plot_Read_2_Before_filtering.svg",
                "multiqc/multiqc_plots/svg/fastp_filtered_reads_plot-cnt.svg",
                "multiqc/multiqc_plots/svg/fastp_filtered_reads_plot-pct.svg",
                "multiqc/multiqc_plots/svg/fastqc-1-status-check-heatmap.svg",
                "multiqc/multiqc_plots/svg/fastqc-1_adapter_content_plot.svg",
                "multiqc/multiqc_plots/svg/fastqc-1_per_base_n_content_plot.svg",
                "multiqc/multiqc_plots/svg/fastqc-1_per_base_sequence_quality_plot.svg",
                "multiqc/multiqc_plots/svg/fastqc-1_per_sequence_gc_content_plot_Counts.svg",
                "multiqc/multiqc_plots/svg/fastqc-1_per_sequence_gc_content_plot_Percentages.svg",
                "multiqc/multiqc_plots/svg/fastqc-1_per_sequence_quality_scores_plot.svg",
                "multiqc/multiqc_plots/svg/fastqc-1_sequence_counts_plot-cnt.svg",
                "multiqc/multiqc_plots/svg/fastqc-1_sequence_counts_plot-pct.svg",
                "multiqc/multiqc_plots/svg/fastqc-1_sequence_duplication_levels_plot.svg",
                "multiqc/multiqc_plots/svg/fastqc-status-check-heatmap.svg",
                "multiqc/multiqc_plots/svg/fastqc_adapter_content_plot.svg",
                "multiqc/multiqc_plots/svg/fastqc_per_base_n_content_plot.svg",
                "multiqc/multiqc_plots/svg/fastqc_per_base_sequence_quality_plot.svg",
                "multiqc/multiqc_plots/svg/fastqc_per_sequence_gc_content_plot_Counts.svg",
                "multiqc/multiqc_plots/svg/fastqc_per_sequence_gc_content_plot_Percentages.svg",
                "multiqc/multiqc_plots/svg/fastqc_per_sequence_quality_scores_plot.svg",
                "multiqc/multiqc_plots/svg/fastqc_sequence_counts_plot-cnt.svg",
                "multiqc/multiqc_plots/svg/fastqc_sequence_counts_plot-pct.svg",
                "multiqc/multiqc_plots/svg/fastqc_sequence_duplication_levels_plot.svg",
                "multiqc/multiqc_plots/svg/fastqc_sequence_length_distribution_plot.svg",
                "multiqc/multiqc_plots/svg/kraken-top-n-plot_Class-cnt.svg",
                "multiqc/multiqc_plots/svg/kraken-top-n-plot_Class-pct.svg",
                "multiqc/multiqc_plots/svg/kraken-top-n-plot_Family-cnt.svg",
                "multiqc/multiqc_plots/svg/kraken-top-n-plot_Family-pct.svg",
                "multiqc/multiqc_plots/svg/kraken-top-n-plot_Genus-cnt.svg",
                "multiqc/multiqc_plots/svg/kraken-top-n-plot_Genus-pct.svg",
                "multiqc/multiqc_plots/svg/kraken-top-n-plot_Kingdom-cnt.svg",
                "multiqc/multiqc_plots/svg/kraken-top-n-plot_Kingdom-pct.svg",
                "multiqc/multiqc_plots/svg/kraken-top-n-plot_Order-cnt.svg",
                "multiqc/multiqc_plots/svg/kraken-top-n-plot_Order-pct.svg",
                "multiqc/multiqc_plots/svg/kraken-top-n-plot_Phylum-cnt.svg",
                "multiqc/multiqc_plots/svg/kraken-top-n-plot_Phylum-pct.svg",
                "multiqc/multiqc_plots/svg/kraken-top-n-plot_Species-cnt.svg",
                "multiqc/multiqc_plots/svg/kraken-top-n-plot_Species-pct.svg",
                "multiqc/multiqc_plots/svg/kraken-top-n-plot_Unclassified-cnt.svg",
                "multiqc/multiqc_plots/svg/kraken-top-n-plot_Unclassified-pct.svg",
                "multiqc/multiqc_plots/svg/salmon_plot.svg",
                "multiqc/multiqc_plots/svg/star_alignment_plot-cnt.svg",
                "multiqc/multiqc_plots/svg/star_alignment_plot-pct.svg",
                "multiqc/multiqc_plots/svg/star_summary_table.svg",
                "multiqc/multiqc_plots/svg/umitools_deduplication_barplot-cnt.svg",
                "multiqc/multiqc_plots/svg/umitools_deduplication_barplot-pct.svg",
                "multiqc/multiqc_plots/svg/umitools_extract_barplot_success-cnt.svg",
                "multiqc/multiqc_plots/svg/umitools_extract_barplot_success-pct.svg",
                "multiqc/multiqc_plots/svg/umitools_stats_violin.svg",
                "multiqc/multiqc_report.html",
                "pipeline_info",
                "pipeline_info/rna-tools_software_mqc_versions.yml",
                "salmon",
                "salmon/WHOLE_BLOOD_TEST",
                "salmon/WHOLE_BLOOD_TEST/aux_info",
                "salmon/WHOLE_BLOOD_TEST/aux_info/ambig_info.tsv",
                "salmon/WHOLE_BLOOD_TEST/aux_info/exp3_seq.gz",
                "salmon/WHOLE_BLOOD_TEST/aux_info/exp5_seq.gz",
                "salmon/WHOLE_BLOOD_TEST/aux_info/exp_gc.gz",
                "salmon/WHOLE_BLOOD_TEST/aux_info/expected_bias.gz",
                "salmon/WHOLE_BLOOD_TEST/aux_info/fld.gz",
                "salmon/WHOLE_BLOOD_TEST/aux_info/meta_info.json",
                "salmon/WHOLE_BLOOD_TEST/aux_info/obs3_seq.gz",
                "salmon/WHOLE_BLOOD_TEST/aux_info/obs5_seq.gz",
                "salmon/WHOLE_BLOOD_TEST/aux_info/obs_gc.gz",
                "salmon/WHOLE_BLOOD_TEST/aux_info/observed_bias.gz",
                "salmon/WHOLE_BLOOD_TEST/aux_info/observed_bias_3p.gz",
                "salmon/WHOLE_BLOOD_TEST/cmd_info.json",
                "salmon/WHOLE_BLOOD_TEST/libParams",
                "salmon/WHOLE_BLOOD_TEST/libParams/flenDist.txt",
                "salmon/WHOLE_BLOOD_TEST/logs",
                "salmon/WHOLE_BLOOD_TEST/logs/salmon_quant.log",
                "salmon/WHOLE_BLOOD_TEST/quant.genes.sf",
                "salmon/WHOLE_BLOOD_TEST/quant.sf",
                "salmon/WHOLE_BLOOD_TEST_meta_info.json",
                "sortmerna",
                "sortmerna/WHOLE_BLOOD_TEST.sortmerna.log",
                "sortmerna/WHOLE_BLOOD_TEST_1.non_rRNA.fastq.gz",
                "sortmerna/WHOLE_BLOOD_TEST_2.non_rRNA.fastq.gz",
                "sortmerna/idx",
                "sortmerna/idx/16147261261080448579.bursttrie_0.dat",
                "sortmerna/idx/16147261261080448579.kmer_0.dat",
                "sortmerna/idx/16147261261080448579.pos_0.dat",
                "sortmerna/idx/16147261261080448579.stats",
                "star",
                "star/WHOLE_BLOOD_TEST.Aligned.sortedByCoord.out.bam",
                "star/WHOLE_BLOOD_TEST.Aligned.toTranscriptome.out.bam",
                "star/WHOLE_BLOOD_TEST.Log.final.out",
                "star/WHOLE_BLOOD_TEST.Log.progress.out",
                "star/WHOLE_BLOOD_TEST.ReadsPerGene.out.tab",
                "star/WHOLE_BLOOD_TEST.SJ.out.tab",
                "umitools",
                "umitools/WHOLE_BLOOD_TEST.umi_extract.log",
                "umitools/WHOLE_BLOOD_TEST.umi_extract_1.fastq.gz",
                "umitools/WHOLE_BLOOD_TEST.umi_extract_2.fastq.gz",
                "umitools/dedup",
                "umitools/dedup/WHOLE_BLOOD_TEST.umi_dedup.sorted.bam",
                "umitools/dedup/WHOLE_BLOOD_TEST.umi_dedup.sorted.bam.bai",
                "umitools/dedup/WHOLE_BLOOD_TEST.umi_dedup.sorted.log",
                "umitools/dedup/WHOLE_BLOOD_TEST.umi_dedup.toTranscriptome.bam"
            ],
            [
                "WHOLE_BLOOD_TEST.stats.txt:md5,b566a3e38b199b6427610d76ea952df6",
                "WHOLE_BLOOD_TEST_ecoli_k12_1.fastq.gz:md5,568a92abd771a15d0a829f287c3c0474",
                "WHOLE_BLOOD_TEST_ecoli_k12_2.fastq.gz:md5,e749bd8d1192f700e2ac3d6aeac543b8",
                "WHOLE_BLOOD_TEST.fastp.json:md5,ea9300b8b1635c243ad3eb7be39c5e28",
                "WHOLE_BLOOD_TEST.fastp.log:md5,0b09002a8003534117da0539a854642c",
                "WHOLE_BLOOD_TEST_R1.fastp.fastq.gz:md5,9d198e21cfc43cae6c345b1562502851",
                "WHOLE_BLOOD_TEST_R2.fastp.fastq.gz:md5,fabe32b5686c1338cbc8424b0f58f27f",
                "WHOLE_BLOOD_TEST.kraken2.report.txt:md5,7a074c1a9ced286ee838b83998ce65db",
                "bbmap-bbsplit_plot.txt:md5,de2ca44862c605f5f82e7976f3f1e443",
                "bbmap.txt:md5,bdef03ed23f0dda714f81d7c82aff9a3",
                "bbsplit_stats_table.txt:md5,ae6fb2a29aa7b6ddf77b16a807633aca",
                "fastp-insert-size-plot.txt:md5,528b25b6f7f841813a81401d6cba27f0",
                "fastp-seq-content-gc-plot_Read_1_After_filtering.txt:md5,34adb609d685b13de00361433d786c2b",
                "fastp-seq-content-gc-plot_Read_1_Before_filtering.txt:md5,49acfcd3052bdee9cc275f542ef527be",
                "fastp-seq-content-gc-plot_Read_2_After_filtering.txt:md5,186ebfef3c2901b996ae9e13cd784353",
                "fastp-seq-content-gc-plot_Read_2_Before_filtering.txt:md5,572c33e30b5fb5cd7a9809aaa5f6002b",
                "fastp-seq-content-n-plot_Read_1_After_filtering.txt:md5,97ece1d3e1f09d4180ef10bd06829b85",
                "fastp-seq-content-n-plot_Read_1_Before_filtering.txt:md5,7328cd553551c30044c10919a6c5f5d3",
                "fastp-seq-content-n-plot_Read_2_After_filtering.txt:md5,6973c4da330c0259d379e5ea7ed78b8c",
                "fastp-seq-content-n-plot_Read_2_Before_filtering.txt:md5,a128870634847a9de41fbf67da5fac2b",
                "fastp-seq-quality-plot_Read_1_After_filtering.txt:md5,f479f14784759850bbda63b3abb8f06e",
                "fastp-seq-quality-plot_Read_1_Before_filtering.txt:md5,32446262fb51e004458c913f362b856d",
                "fastp-seq-quality-plot_Read_2_After_filtering.txt:md5,cf8f5d8e6390101b7d9cc05d87c79575",
                "fastp-seq-quality-plot_Read_2_Before_filtering.txt:md5,d395d4f66c70b85dd08ca36483e451d0",
                "fastp_filtered_reads_plot.txt:md5,e2b820b0f706c483499262ed8b23f605",
                "fastqc-1-status-check-heatmap.txt:md5,1546b53c151e7145d64100e6f8fd13b0",
                "fastqc-1_adapter_content_plot.txt:md5,9fd87817074806688b4a1608dd1968db",
                "fastqc-1_per_base_n_content_plot.txt:md5,c68545fdabcc3f151d471735561fa1c6",
                "fastqc-1_per_base_sequence_quality_plot.txt:md5,c508c46c431399ea1e9270d59434945e",
                "fastqc-1_per_sequence_gc_content_plot_Counts.txt:md5,dcf057ba743e3a78692215763c44bcf9",
                "fastqc-1_per_sequence_gc_content_plot_Percentages.txt:md5,00a06a211cd42ab35d4b1f0360fd3b1d",
                "fastqc-1_per_sequence_quality_scores_plot.txt:md5,2265b5f13c0872487e6aa82012a5f469",
                "fastqc-1_sequence_counts_plot.txt:md5,bbbb2169d58a8f1f2d5add144ba71844",
                "fastqc-1_sequence_duplication_levels_plot.txt:md5,2f14cdeb1dfdee838f6eff52394a553c",
                "fastqc-status-check-heatmap.txt:md5,f11c0a8df9b95f959fa54b2494a8c009",
                "fastqc_adapter_content_plot.txt:md5,93e3f60bec4667f9dd7963979dd8b86d",
                "fastqc_per_base_n_content_plot.txt:md5,b7ac836aebac7604cf97ed80a057e97e",
                "fastqc_per_base_sequence_quality_plot.txt:md5,8a2cfb642b0ee8e70cbf2bd3adea0c5b",
                "fastqc_per_sequence_gc_content_plot_Counts.txt:md5,4e6b4d62e8cd2d3af93f4def01450af0",
                "fastqc_per_sequence_gc_content_plot_Percentages.txt:md5,74444e23a49a225852402073e9059f9c",
                "fastqc_per_sequence_quality_scores_plot.txt:md5,1de5eb4416ebe2c9beb1015a654b2de0",
                "fastqc_sequence_counts_plot.txt:md5,ca748391b1de7adc54dc5e773b419011",
                "fastqc_sequence_duplication_levels_plot.txt:md5,f49a073614e5a4c723d5b9fb9bedefe1",
                "fastqc_sequence_length_distribution_plot.txt:md5,f1ad650e2d66b1e14eedd6c738106bc0",
                "kraken-top-n-plot_Class.txt:md5,6689d969f2f7fcb826aba505b711d2ba",
                "kraken-top-n-plot_Family.txt:md5,85efd22fe0f91ab4c5f4875e60046d77",
                "kraken-top-n-plot_Genus.txt:md5,7317a4895b59927a2c83280263247e81",
                "kraken-top-n-plot_Kingdom.txt:md5,e8fa13a759e399ca92752ee9b93aa97e",
                "kraken-top-n-plot_Order.txt:md5,9f1642f1e37962f28f1792ed931e227e",
                "kraken-top-n-plot_Phylum.txt:md5,004356814b7167c585d79c5054cc8816",
                "kraken-top-n-plot_Species.txt:md5,1bd79d6a796def3e80b42f83ebe53e1c",
                "kraken-top-n-plot_Unclassified.txt:md5,1baa830126c8474ebcd7175ec22f2ff1",
                "multiqc_citations.txt:md5,f8fd1a7ed206fbd72cfc33fb10a5c75b",
                "multiqc_fastp.txt:md5,8106c8ae2e8053e0a11ed5b1a4c1c7fb",
                "multiqc_fastqc.txt:md5,3f751c585f907aaf132f5afdafc9b0f0",
                "multiqc_fastqc_fastqc-1.txt:md5,fc0a8270d8bd9f20eacf04d482a87c91",
                "multiqc_general_stats.txt:md5,f272f84edec78375e2cf274fccfc8bd2",
                "multiqc_kraken.txt:md5,96fd2f391e2511683d730ffa1059f88d",
                "multiqc_sortmerna.txt:md5,221c7093f2a1ab01a84732e14c094b1f",
                "multiqc_star.txt:md5,2198b38fda91988f1054fbd08f297daa",
                "multiqc_umitools_dedup.txt:md5,6a48e6d78e19d4515922214bf60a3b40",
                "multiqc_umitools_extract.txt:md5,6fa8be89699457c968359a08b2415864",
                "star_alignment_plot.txt:md5,409a9a19f2c7847f636b1b25e05ed9e7",
                "star_summary_table.txt:md5,aac06464036ae8e0d4b1ade68c13155a",
                "umitools_deduplication_barplot.txt:md5,4f12bf5a794046641ec4810111a7f306",
                "umitools_extract_barplot_success.txt:md5,77a7f117bf50350338c3bd7404431881",
                "umitools_stats_violin.txt:md5,c881d91c693d82282501008a245d6558",
                "ambig_info.tsv:md5,f37e2cdafaaf9af2c0293f7e5afd37ab",
                "cmd_info.json:md5,572ede7129bda18bcdc215399a26ad15",
                "16147261261080448579.bursttrie_0.dat:md5,50dbcec59064522a84adb7977ecf5fbe",
                "16147261261080448579.kmer_0.dat:md5,20224d708aa117a26d2fb44f41aea722",
                "16147261261080448579.pos_0.dat:md5,04835d15894dfc9417e8f73df6c0e863",
                "WHOLE_BLOOD_TEST.ReadsPerGene.out.tab:md5,8a249f5c788c72bdbbe2532ada168307",
                "WHOLE_BLOOD_TEST.SJ.out.tab:md5,9387026d3b3488201c115b52f5de54d9",
                "WHOLE_BLOOD_TEST.umi_extract_1.fastq.gz:md5,98f14d65b513a6a1434fafa6bdf4b1e7",
                "WHOLE_BLOOD_TEST.umi_extract_2.fastq.gz:md5,48b08d08931ab312fb89af21efc1feec"
            ]
        ],
        "timestamp": "2026-09-10T23:58:54.057423842",
        "meta": {
            "nf-test": "0.9.5",
            "nextflow": "26.04.6"
        }
    }
}